// Jest Snapshot v1, https://goo.gl/fbAQLP

exports[`TextInput tests Base test should assert that the component matches the snapshot 1`] = `"<div><input type=\\"text\\"/></div>"`;

exports[`TextInput tests Base test should assert that the component matches the snapshot 2`] = `Object {}`;
