// Jest Snapshot v1, https://goo.gl/fbAQLP

exports[`DivContainer tests Base test should assert that the component matches the snapshot 1`] = `"<div></div>"`;

exports[`DivContainer tests Base test should assert that the component matches the snapshot 2`] = `Object {}`;
