// Jest Snapshot v1, https://goo.gl/fbAQLP

exports[`Page tests Base test should assert that the component matches the snapshot 1`] = `"<main style=\\"padding:10px 10px 18px;background-color:white\\"><form style=\\"margin:0\\"></form></main>"`;

exports[`Page tests Base test should assert that the component matches the snapshot 2`] = `
Object {
  "backgroundColor": "white",
  "padding": "10px 10px 18px",
}
`;
